recv:usi
send:id name USI Replay Engine
send:id author ShogiHome
send:usiok
recv:setoption name USI_Hash value 32
recv:setoption name USI_Ponder value true
recv:isready
send:readyok
recv:usinewgame
recv:position startpos
recv:go btime 30000 wtime 30000 binc 5000 winc 5000
send:bestmove 2g2f
recv:position startpos moves 2g2f 8c8d
recv:go btime 34000 wtime 33000 binc 5000 winc 5000
send:bestmove 2f2e
recv:position startpos moves 2g2f 8c8d 2f2e 8d8e
recv:go btime 38000 wtime 36000 binc 5000 winc 5000
send:bestmove 6i7h
recv:gameover win
recv:quit
