# 平手初期局面以外 (持駒を含む任意局面) からの対局のシナリオ。
# 双方が角を持駒に持つ角交換後の局面から開始し、駒打ちの指し手を含む。
recv:LOGIN usi-csa-bridge test
send:LOGIN:usi-csa-bridge OK
send:BEGIN Game_Summary
send:Protocol_Version:1.2
send:Protocol_Mode:Server
send:Format:Shogi 1.0
send:Declaration:Jishogi 1.1
send:Game_ID:test+test-30-5F+Enemy+usi-csa-bridge+20260805001800
send:Name+:Enemy
send:Name-:usi-csa-bridge
send:Your_Turn:-
send:Rematch_On_Draw:NO
send:To_Move:+
send:Max_Moves:256
send:BEGIN Time
send:Time_Unit:1sec
send:Total_Time:30
send:Byoyomi:0
send:Increment:5
send:Least_Time_Per_Move:0
send:END Time
send:BEGIN Position
send:P1-KY-KE-GI-KI-OU-KI-GI-KE-KY
send:P2 * -HI *  *  *  *  *  *  *
send:P3-FU-FU-FU-FU-FU-FU-FU-FU-FU
send:P4 *  *  *  *  *  *  *  *  *
send:P5 *  *  *  *  *  *  *  *  *
send:P6 *  *  *  *  *  *  *  *  *
send:P7+FU+FU+FU+FU+FU+FU+FU+FU+FU
send:P8 *  *  *  *  *  *  * +HI *
send:P9+KY+KE+GI+KI+OU+KI+GI+KE+KY
send:P+00KA
send:P-00KA
send:+
send:END Position
send:END Game_Summary
recv:AGREE test+test-30-5F+Enemy+usi-csa-bridge+20260805001800
send:START:test+test-30-5F+Enemy+usi-csa-bridge+20260805001800
send:+7776FU,T2
recv:-3334FU
send:-3334FU,T1
send:+6978KI,T2
# 持駒の角を打つ
recv:-0045KA
send:-0045KA,T1
send:%TORYO,T2
send:#RESIGN
send:#WIN
