# 早期 Ponder (enableEarlyPonder) と先手番の組み合わせのシナリオ。
# 対局開始直後の初手は直前の指し手がないため通常の go となり、
# その bestmove の直後からサーバーの応答を待たずに go ponder が始まる。
recv:LOGIN usi-csa-bridge test
send:LOGIN:usi-csa-bridge OK
send:BEGIN Game_Summary
send:Protocol_Version:1.2
send:Protocol_Mode:Server
send:Format:Shogi 1.0
send:Declaration:Jishogi 1.1
send:Game_ID:test+test-30-5F+Enemy+usi-csa-bridge+20260805003000
send:Name+:usi-csa-bridge
send:Name-:Enemy
send:Your_Turn:+
send:Rematch_On_Draw:NO
send:To_Move:+
send:Max_Moves:256
send:BEGIN Time
send:Time_Unit:1sec
send:Total_Time:30
send:Byoyomi:0
send:Increment:5
send:Least_Time_Per_Move:0
send:END Time
send:BEGIN Position
send:P1-KY-KE-GI-KI-OU-KI-GI-KE-KY
send:P2 * -HI *  *  *  *  * -KA *
send:P3-FU-FU-FU-FU-FU-FU-FU-FU-FU
send:P4 *  *  *  *  *  *  *  *  *
send:P5 *  *  *  *  *  *  *  *  *
send:P6 *  *  *  *  *  *  *  *  *
send:P7+FU+FU+FU+FU+FU+FU+FU+FU+FU
send:P8 * +KA *  *  *  *  * +HI *
send:P9+KY+KE+GI+KI+OU+KI+GI+KE+KY
send:+
send:END Position
send:END Game_Summary
recv:AGREE test+test-30-5F+Enemy+usi-csa-bridge+20260805003000
send:START:test+test-30-5F+Enemy+usi-csa-bridge+20260805003000
recv:+2726FU
send:+2726FU,T1
# 相手が Ponder の予想 (8c8d) と同じ手を指す → ponderhit
send:-8384FU,T2
recv:+2625FU
send:+2625FU,T1
# 相手が Ponder の予想 (8d8e) と違う手を指す → ponder miss
send:-3334FU,T2
recv:+6978KI
send:+6978KI,T1
# 早期 Ponder 中に相手が投了する
send:%TORYO,T2
send:#RESIGN
send:#WIN
