# 消費時間に小数を用いるシナリオ。
# CSA V3 ではミリ秒を表現するために消費時間 (T) に小数を使用できる。
# -8485FU,T1. のように小数点以下の桁を省略した表記も受理する。
recv:LOGIN usi-csa-bridge test
send:LOGIN:usi-csa-bridge OK
send:BEGIN Game_Summary
send:Protocol_Version:1.2
send:Format:Shogi 1.0
send:Game_ID:test+test-30-5F+Enemy+usi-csa-bridge+20260805003200
send:Name+:Enemy
send:Name-:usi-csa-bridge
send:Your_Turn:-
send:To_Move:+
send:BEGIN Time
send:Time_Unit:1sec
send:Total_Time:30
send:Byoyomi:5
send:END Time
send:BEGIN Position
send:P1-KY-KE-GI-KI-OU-KI-GI-KE-KY
send:P2 * -HI *  *  *  *  * -KA *
send:P3-FU-FU-FU-FU-FU-FU-FU-FU-FU
send:P4 *  *  *  *  *  *  *  *  *
send:P5 *  *  *  *  *  *  *  *  *
send:P6 *  *  *  *  *  *  *  *  *
send:P7+FU+FU+FU+FU+FU+FU+FU+FU+FU
send:P8 * +KA *  *  *  *  * +HI *
send:P9+KY+KE+GI+KI+OU+KI+GI+KE+KY
send:+
send:END Position
send:END Game_Summary
recv:AGREE test+test-30-5F+Enemy+usi-csa-bridge+20260805003200
send:START:test+test-30-5F+Enemy+usi-csa-bridge+20260805003200
send:+2726FU,T3.5
recv:-8384FU
send:-8384FU,T2.25
send:+2625FU,T4.125
recv:-8485FU
send:-8485FU,T1.
send:+6978KI,T2.75
recv:-3334FU
send:-3334FU,T1.5
send:%TORYO,T2.5
send:#RESIGN
send:#WIN
