recv:usi
send:id name USI Replay Engine
send:id author ShogiHome
send:usiok
recv:setoption name USI_Hash value 32
recv:setoption name USI_Ponder value true
recv:isready
send:readyok
recv:usinewgame
recv:position startpos moves 2g2f
recv:go btime 33000 wtime 30000 binc 5000 winc 5000
send:bestmove 8c8d
recv:position startpos moves 2g2f 8c8d 2f2e
recv:go btime 36000 wtime 34000 binc 5000 winc 5000
send:bestmove 8d8e
recv:position startpos moves 2g2f 8c8d 2f2e 8d8e 6i7h
recv:go btime 38000 wtime 38000 binc 5000 winc 5000
send:bestmove 3c3d
recv:gameover win
recv:quit
