recv:usi
send:id name USI Replay Engine
send:id author ShogiHome
send:
send:usiok
recv:setoption name USI_Hash value 32
recv:setoption name USI_Ponder value true
recv:isready
send:readyok
recv:usinewgame
recv:position startpos moves 2g2f
recv:go btime 33000 wtime 30000 binc 5000 winc 5000
send:info depth 8 seldepth 10 time 250 nodes 12345 nps 49380 hashfull 120 score cp 35 multipv 1 pv 8c8d 2f2e 8d8e
send:bestmove 8c8d
recv:position startpos moves 2g2f 8c8d 2f2e
recv:go btime 36000 wtime 34000 binc 5000 winc 5000
send:info depth 9 seldepth 11 time 300 nodes 18000 nps 60000 hashfull 140 score cp -120 multipv 1 pv 8d8e 6i7h
send:bestmove 8d8e
recv:position startpos moves 2g2f 8c8d 2f2e 8d8e 6i7h
recv:go btime 38000 wtime 38000 binc 5000 winc 5000
send:info depth 10 seldepth 12 time 400 nodes 30000 nps 75000 hashfull 200 score cp 8 multipv 1 pv 3c3d 2e2d
send:bestmove 3c3d
recv:gameover win
recv:quit
