recv:usi
send:id name USI Replay Engine
send:id author ShogiHome
send:usiok
recv:setoption name USI_Hash value 32
recv:setoption name USI_Ponder value true
recv:isready
send:readyok
recv:usinewgame
recv:position startpos moves 2g2f
recv:go btime 605000 wtime 600000 byoyomi 30000
send:bestmove 8c8d
recv:position startpos moves 2g2f 8c8d 2f2e
recv:go btime 609000 wtime 592000 byoyomi 30000
send:bestmove 8d8e
recv:position startpos moves 2g2f 8c8d 2f2e 8d8e 6i7h
recv:go btime 612000 wtime 588000 byoyomi 30000
send:bestmove 3c3d
recv:gameover win
recv:quit
