recv:usi
send:id name USI Replay Engine
send:id author ShogiHome
send:usiok
recv:setoption name USI_Hash value 32
recv:setoption name USI_Ponder value true
recv:isready
send:readyok
recv:usinewgame
recv:position sfen 4k4/5r3/9/9/9/9/9/9/4K4 w - 1
recv:go btime 30000 wtime 30000 binc 5000 winc 5000
send:bestmove 4b5b
recv:position sfen 4k4/5r3/9/9/9/9/9/9/4K4 w - 1 moves 4b5b 5i4i
recv:go btime 34000 wtime 34000 binc 5000 winc 5000
send:bestmove 5b4b
recv:position sfen 4k4/5r3/9/9/9/9/9/9/4K4 w - 1 moves 4b5b 5i4i 5b4b 4i5i
recv:go btime 38000 wtime 38000 binc 5000 winc 5000
send:bestmove 4b5b
recv:position sfen 4k4/5r3/9/9/9/9/9/9/4K4 w - 1 moves 4b5b 5i4i 5b4b 4i5i 4b5b 5i4i
recv:go btime 42000 wtime 42000 binc 5000 winc 5000
send:bestmove 5b4b
recv:position sfen 4k4/5r3/9/9/9/9/9/9/4K4 w - 1 moves 4b5b 5i4i 5b4b 4i5i 4b5b 5i4i 5b4b 4i5i
recv:go btime 46000 wtime 46000 binc 5000 winc 5000
send:bestmove 4b5b
recv:position sfen 4k4/5r3/9/9/9/9/9/9/4K4 w - 1 moves 4b5b 5i4i 5b4b 4i5i 4b5b 5i4i 5b4b 4i5i 4b5b 5i4i
recv:go btime 50000 wtime 50000 binc 5000 winc 5000
send:bestmove 5b4b
recv:gameover lose
recv:quit
